router                                                                                                         
 ├── query                                         *                                                           
 ├── expressInit                                   *                                                           
 ├── logger                                        *                                                           
 ├── hpp                                           *                                                           
 ├── router                                        /^\/api\/?(?=\/|$)/                                         
 │    ├── bound dispatch                           /users/:id                                                  GET
 │    │    └── __getUser                           /                                                           GET
 │    │   
 │    └── bound dispatch                           /users/:id                                                  POST
 │         ├── __checkAccessRights                 /                                                           POST
 │         └── __updateUser                        /                                                           POST
 │        
 │   
 ├── serveStatic                                   *                                                           
 └── __handleError                                 *                                                           
